May 22 00:01:54 Mehmets-MacBook-Air syslogd[386]: ASL Sender Statistics
May 22 00:12:44 Mehmets-MacBook-Air syslogd[386]: ASL Sender Statistics
May 22 00:23:37 Mehmets-MacBook-Air syslogd[386]: ASL Sender Statistics
May 22 00:23:52 Mehmets-MacBook-Air sessionlogoutd[17885]: DEAD_PROCESS: 426 console
May 22 00:24:09 Mehmets-MacBook-Air bootlog[0]: BOOT_TIME 1779398649 118377
May 22 00:24:30 Mehmets-MacBook-Air syslogd[385]: Configuration Notice:
	ASL Module "com.apple.cdscheduler" claims selected messages.
	Those messages may not appear in standard system log files or in the ASL database.
May 22 00:24:30 Mehmets-MacBook-Air syslogd[385]: Configuration Notice:
	ASL Module "com.apple.install" claims selected messages.
	Those messages may not appear in standard system log files or in the ASL database.
May 22 00:24:30 Mehmets-MacBook-Air syslogd[385]: Configuration Notice:
	ASL Module "com.apple.authd" sharing output destination "/var/log/asl" with ASL Module "com.apple.asl".
	Output parameters from ASL Module "com.apple.asl" override any specified in ASL Module "com.apple.authd".
May 22 00:24:30 Mehmets-MacBook-Air syslogd[385]: Configuration Notice:
	ASL Module "com.apple.authd" sharing output destination "/var/log/system.log" with ASL Module "com.apple.asl".
	Output parameters from ASL Module "com.apple.asl" override any specified in ASL Module "com.apple.authd".
May 22 00:24:30 Mehmets-MacBook-Air syslogd[385]: Configuration Notice:
	ASL Module "com.apple.authd" claims selected messages.
	Those messages may not appear in standard system log files or in the ASL database.
May 22 00:24:30 Mehmets-MacBook-Air syslogd[385]: Configuration Notice:
	ASL Module "com.apple.eventmonitor" claims selected messages.
	Those messages may not appear in standard system log files or in the ASL database.
May 22 00:24:30 Mehmets-MacBook-Air syslogd[385]: Configuration Notice:
	ASL Module "com.apple.mail" claims selected messages.
	Those messages may not appear in standard system log files or in the ASL database.
May 22 00:24:30 Mehmets-MacBook-Air syslogd[385]: Configuration Notice:
	ASL Module "com.apple.performance" claims selected messages.
	Those messages may not appear in standard system log files or in the ASL database.
May 22 00:24:30 Mehmets-MacBook-Air syslogd[385]: Configuration Notice:
	ASL Module "com.apple.iokit.power" claims selected messages.
	Those messages may not appear in standard system log files or in the ASL database.
May 22 00:24:30 Mehmets-MacBook-Air syslogd[385]: Configuration Notice:
	ASL Module "com.apple.contacts.ContactsAutocomplete" claims selected messages.
	Those messages may not appear in standard system log files or in the ASL database.
May 22 00:24:30 Mehmets-MacBook-Air syslogd[385]: Configuration Notice:
	ASL Module "com.apple.mkb" sharing output destination "/private/var/log/keybagd.log" with ASL Module "com.apple.mkb.internal".
	Output parameters from ASL Module "com.apple.mkb.internal" override any specified in ASL Module "com.apple.mkb".
May 22 00:24:30 Mehmets-MacBook-Air syslogd[385]: Configuration Notice:
	ASL Module "com.apple.mkb" claims selected messages.
	Those messages may not appear in standard system log files or in the ASL database.
May 22 00:24:30 Mehmets-MacBook-Air syslogd[385]: Configuration Notice:
	ASL Module "com.apple.MessageTracer" claims selected messages.
	Those messages may not appear in standard system log files or in the ASL database.
May 22 00:24:30 Mehmets-MacBook-Air syslogd[385]: ASL Sender Statistics
May 22 00:24:33 Mehmets-MacBook-Air loginwindow[425]: USER_PROCESS: 425 console
May 22 00:28:32 Mehmets-MacBook-Air login[1967]: USER_PROCESS: 1967 ttys000
May 22 00:30:02 Mehmets-MacBook-Air syslogd[385]: Configuration Notice:
	ASL Module "com.apple.cdscheduler" claims selected messages.
	Those messages may not appear in standard system log files or in the ASL database.
May 22 00:30:02 Mehmets-MacBook-Air syslogd[385]: Configuration Notice:
	ASL Module "com.apple.install" claims selected messages.
	Those messages may not appear in standard system log files or in the ASL database.
May 22 00:30:02 Mehmets-MacBook-Air syslogd[385]: Configuration Notice:
	ASL Module "com.apple.authd" sharing output destination "/var/log/asl" with ASL Module "com.apple.asl".
	Output parameters from ASL Module "com.apple.asl" override any specified in ASL Module "com.apple.authd".
May 22 00:30:02 Mehmets-MacBook-Air syslogd[385]: Configuration Notice:
	ASL Module "com.apple.authd" sharing output destination "/var/log/system.log" with ASL Module "com.apple.asl".
	Output parameters from ASL Module "com.apple.asl" override any specified in ASL Module "com.apple.authd".
May 22 00:30:02 Mehmets-MacBook-Air syslogd[385]: Configuration Notice:
	ASL Module "com.apple.authd" claims selected messages.
	Those messages may not appear in standard system log files or in the ASL database.
May 22 00:30:02 Mehmets-MacBook-Air syslogd[385]: Configuration Notice:
	ASL Module "com.apple.eventmonitor" claims selected messages.
	Those messages may not appear in standard system log files or in the ASL database.
May 22 00:30:02 Mehmets-MacBook-Air syslogd[385]: Configuration Notice:
	ASL Module "com.apple.mail" claims selected messages.
	Those messages may not appear in standard system log files or in the ASL database.
May 22 00:30:02 Mehmets-MacBook-Air syslogd[385]: Configuration Notice:
	ASL Module "com.apple.performance" claims selected messages.
	Those messages may not appear in standard system log files or in the ASL database.
May 22 00:30:02 Mehmets-MacBook-Air syslogd[385]: Configuration Notice:
	ASL Module "com.apple.iokit.power" claims selected messages.
	Those messages may not appear in standard system log files or in the ASL database.
May 22 00:30:02 Mehmets-MacBook-Air syslogd[385]: Configuration Notice:
	ASL Module "com.apple.contacts.ContactsAutocomplete" claims selected messages.
	Those messages may not appear in standard system log files or in the ASL database.
May 22 00:30:02 Mehmets-MacBook-Air syslogd[385]: Configuration Notice:
	ASL Module "com.apple.mkb" sharing output destination "/private/var/log/keybagd.log" with ASL Module "com.apple.mkb.internal".
	Output parameters from ASL Module "com.apple.mkb.internal" override any specified in ASL Module "com.apple.mkb".
May 22 00:30:02 Mehmets-MacBook-Air syslogd[385]: Configuration Notice:
	ASL Module "com.apple.mkb" claims selected messages.
	Those messages may not appear in standard system log files or in the ASL database.
May 22 00:30:02 Mehmets-MacBook-Air syslogd[385]: Configuration Notice:
	ASL Module "com.apple.MessageTracer" claims selected messages.
	Those messages may not appear in standard system log files or in the ASL database.
May 22 00:35:30 Mehmets-MacBook-Air syslogd[385]: ASL Sender Statistics
May 22 00:50:35 Mehmets-MacBook-Air syslogd[385]: ASL Sender Statistics
May 22 01:01:33 Mehmets-MacBook-Air login[1967]: DEAD_PROCESS: 1967 ttys000
May 22 01:01:33 Mehmets-MacBook-Air syslogd[385]: ASL Sender Statistics
May 22 01:17:06 Mehmets-MacBook-Air syslogd[385]: ASL Sender Statistics
May 22 01:33:25 Mehmets-MacBook-Air syslogd[385]: ASL Sender Statistics
May 22 01:50:35 Mehmets-MacBook-Air syslogd[385]: ASL Sender Statistics
May 22 02:07:19 Mehmets-MacBook-Air syslogd[385]: ASL Sender Statistics
May 22 02:23:40 Mehmets-MacBook-Air syslogd[385]: ASL Sender Statistics
May 22 02:40:23 Mehmets-MacBook-Air syslogd[385]: ASL Sender Statistics
May 22 02:52:02 Mehmets-MacBook-Air syslogd[385]: ASL Sender Statistics
May 22 03:02:36 Mehmets-MacBook-Air syslogd[385]: ASL Sender Statistics
May 22 03:22:01 Mehmets-MacBook-Air syslogd[385]: ASL Sender Statistics
May 22 03:40:23 Mehmets-MacBook-Air syslogd[385]: ASL Sender Statistics
May 22 04:05:43 Mehmets-MacBook-Air syslogd[385]: ASL Sender Statistics
May 22 04:21:11 Mehmets-MacBook-Air syslogd[385]: ASL Sender Statistics
May 22 04:39:49 Mehmets-MacBook-Air syslogd[385]: ASL Sender Statistics
May 22 04:57:36 Mehmets-MacBook-Air syslogd[385]: ASL Sender Statistics
May 22 05:15:31 Mehmets-MacBook-Air syslogd[385]: ASL Sender Statistics
May 22 05:36:25 Mehmets-MacBook-Air syslogd[385]: ASL Sender Statistics
May 22 05:55:54 Mehmets-MacBook-Air syslogd[385]: ASL Sender Statistics
May 22 06:14:37 Mehmets-MacBook-Air syslogd[385]: ASL Sender Statistics
May 22 06:25:21 Mehmets-MacBook-Air syslogd[385]: ASL Sender Statistics
May 22 06:41:02 Mehmets-MacBook-Air syslogd[385]: ASL Sender Statistics
May 22 06:58:21 Mehmets-MacBook-Air syslogd[385]: ASL Sender Statistics
May 22 07:17:06 Mehmets-MacBook-Air syslogd[385]: ASL Sender Statistics
May 22 07:34:28 Mehmets-MacBook-Air syslogd[385]: ASL Sender Statistics
May 22 07:54:02 Mehmets-MacBook-Air syslogd[385]: ASL Sender Statistics
May 22 08:09:51 Mehmets-MacBook-Air syslogd[385]: ASL Sender Statistics
May 22 08:27:56 Mehmets-MacBook-Air syslogd[385]: ASL Sender Statistics
May 22 08:55:07 Mehmets-MacBook-Air syslogd[385]: ASL Sender Statistics
May 22 09:15:00 Mehmets-MacBook-Air syslogd[385]: ASL Sender Statistics
May 22 09:33:01 Mehmets-MacBook-Air syslogd[385]: ASL Sender Statistics
May 22 09:51:30 Mehmets-MacBook-Air syslogd[385]: ASL Sender Statistics
May 22 10:16:18 Mehmets-MacBook-Air syslogd[385]: ASL Sender Statistics
May 22 10:35:14 Mehmets-MacBook-Air syslogd[385]: ASL Sender Statistics
May 22 10:53:33 Mehmets-MacBook-Air syslogd[385]: ASL Sender Statistics
May 22 11:17:10 Mehmets-MacBook-Air syslogd[385]: ASL Sender Statistics
May 22 11:36:35 Mehmets-MacBook-Air syslogd[385]: ASL Sender Statistics
May 22 11:55:23 Mehmets-MacBook-Air syslogd[385]: ASL Sender Statistics
May 22 12:18:20 Mehmets-MacBook-Air syslogd[385]: ASL Sender Statistics
May 22 12:35:10 Mehmets-MacBook-Air syslogd[385]: ASL Sender Statistics
May 22 12:54:27 Mehmets-MacBook-Air syslogd[385]: ASL Sender Statistics
May 22 13:20:42 Mehmets-MacBook-Air syslogd[385]: ASL Sender Statistics
May 22 13:38:56 Mehmets-MacBook-Air syslogd[385]: ASL Sender Statistics
May 22 13:56:16 Mehmets-MacBook-Air syslogd[385]: ASL Sender Statistics
May 22 14:06:28 Mehmets-MacBook-Air syslogd[385]: ASL Sender Statistics
May 22 14:24:11 Mehmets-MacBook-Air syslogd[385]: ASL Sender Statistics
May 22 14:40:48 Mehmets-MacBook-Air syslogd[385]: ASL Sender Statistics
May 22 15:00:15 Mehmets-MacBook-Air syslogd[385]: ASL Sender Statistics
May 22 15:21:04 Mehmets-MacBook-Air syslogd[385]: ASL Sender Statistics
May 22 15:38:25 Mehmets-MacBook-Air syslogd[385]: ASL Sender Statistics
May 22 15:58:49 Mehmets-MacBook-Air syslogd[385]: ASL Sender Statistics
May 22 16:08:50 Mehmets-MacBook-Air syslogd[385]: ASL Sender Statistics
May 22 16:19:06 Mehmets-MacBook-Air syslogd[385]: ASL Sender Statistics
May 22 16:29:08 Mehmets-MacBook-Air syslogd[385]: ASL Sender Statistics
May 22 16:43:42 Mehmets-MacBook-Air syslogd[385]: ASL Sender Statistics
May 22 16:55:01 Mehmets-MacBook-Air syslogd[385]: ASL Sender Statistics
May 22 17:13:35 Mehmets-MacBook-Air syslogd[385]: ASL Sender Statistics
May 22 17:28:59 Mehmets-MacBook-Air syslogd[385]: ASL Sender Statistics
May 22 17:41:01 Mehmets-MacBook-Air syslogd[385]: ASL Sender Statistics
May 22 17:51:27 Mehmets-MacBook-Air syslogd[385]: ASL Sender Statistics
May 22 18:05:03 Mehmets-MacBook-Air syslogd[385]: ASL Sender Statistics
May 22 18:28:14 Mehmets-MacBook-Air syslogd[385]: ASL Sender Statistics
May 22 18:45:29 Mehmets-MacBook-Air syslogd[385]: ASL Sender Statistics
May 22 18:56:18 Mehmets-MacBook-Air syslogd[385]: ASL Sender Statistics
May 22 18:58:07 Mehmets-MacBook-Air login[4419]: USER_PROCESS: 4419 ttys000
May 22 18:58:14 Mehmets-MacBook-Air login[4419]: DEAD_PROCESS: 4419 ttys000
May 22 19:06:19 Mehmets-MacBook-Air syslogd[385]: ASL Sender Statistics
May 22 19:22:42 Mehmets-MacBook-Air syslogd[385]: ASL Sender Statistics
May 22 19:43:40 Mehmets-MacBook-Air syslogd[385]: ASL Sender Statistics
May 22 20:04:12 Mehmets-MacBook-Air syslogd[385]: ASL Sender Statistics
May 22 20:20:05 Mehmets-MacBook-Air syslogd[385]: ASL Sender Statistics
May 22 20:38:49 Mehmets-MacBook-Air syslogd[385]: ASL Sender Statistics
May 22 20:59:43 Mehmets-MacBook-Air syslogd[385]: ASL Sender Statistics
May 22 21:10:17 Mehmets-MacBook-Air syslogd[385]: ASL Sender Statistics
May 22 21:20:38 Mehmets-MacBook-Air syslogd[385]: ASL Sender Statistics
May 22 21:31:18 Mehmets-MacBook-Air syslogd[385]: ASL Sender Statistics
May 22 21:42:49 Mehmets-MacBook-Air syslogd[385]: ASL Sender Statistics
May 22 21:54:31 Mehmets-MacBook-Air syslogd[385]: ASL Sender Statistics
May 22 22:05:16 Mehmets-MacBook-Air syslogd[385]: ASL Sender Statistics
May 22 22:10:32 Mehmets-MacBook-Air login[5824]: USER_PROCESS: 5824 ttys000
May 22 22:15:57 Mehmets-MacBook-Air syslogd[385]: ASL Sender Statistics
May 22 22:19:28 Mehmets-MacBook-Air login[6019]: USER_PROCESS: 6019 ttys001
May 22 22:20:29 Mehmets-MacBook-Air login[5824]: DEAD_PROCESS: 5824 ttys000
May 22 22:26:04 Mehmets-MacBook-Air login[6019]: DEAD_PROCESS: 6019 ttys001
May 22 22:26:04 Mehmets-MacBook-Air syslogd[385]: ASL Sender Statistics
May 22 22:26:05 Mehmets-MacBook-Air login[6174]: USER_PROCESS: 6174 ttys000
May 22 22:36:33 Mehmets-MacBook-Air syslogd[385]: ASL Sender Statistics
May 22 22:47:06 Mehmets-MacBook-Air syslogd[385]: ASL Sender Statistics
May 22 22:57:11 Mehmets-MacBook-Air syslogd[385]: ASL Sender Statistics
